{"turn_id": 7, "task_id": "task-42", "timestamp": 1700000000.5, "message_deltas": [{"role": "assistant", "content": "reading the file now", "tool_calls": [{"id": "call-1", "name": "read_file", "arguments_json": "{\"path\": \"a.py\"}"}]}, {"role": "tool", "content": "A_CONTENT", "tool_call_id": "call-1"}], "turn_cost": {"model_id": "glm-5.2", "input_tokens": 1000, "output_tokens": 50, "cached_tokens": 100, "usd": "0.000710"}, "verification": {"task_id": "task-42", "turn_id": 7, "commands": [{"name": "test", "command": "pytest -q", "exit_code": 0, "timed_out": false, "stdout": "ok", "stderr": ""}], "passed": true}, "active_model_id": null, "degraded": false}
